// Jest Snapshot v1, https://goo.gl/fbAQLP

exports[`Testing App Renders correctly 1`] = `
<div
  className="grid-container"
>
  <header
    className="header"
  >
    <p>
      Show Statistics
    </p>
    <p>
      Show Statistics
    </p>
  </header>
  <aside
    className="sidenav"
  >
    <ul
      className="sidenav__list"
    >
      <li
        className="sidenav__list-elem"
      >
        Search field
      </li>
      <li
        className="sidenav__list-elem"
      >
        <button
          onClick={[Function]}
          type="button"
        >
          New Task
        </button>
      </li>
      <li
        className="sidenav__list-elem"
      >
        <p>
          Show tasks:
        </p>
        <form>
          <select
            name="showTasks"
            onChange={[Function]}
          >
            <option
              value="both"
            >
              Both
            </option>
            <option
              value="open"
            >
              Open
            </option>
            <option
              value="completed"
            >
              Completed
            </option>
          </select>
        </form>
      </li>
      <li
        className="sidenav__list-elem"
      >
        Specify Filters (filter section below)
      </li>
    </ul>
  </aside>
  <main
    className="main"
  >
    <div
      className="column-category"
    />
    <div
      className="column-category"
    />
    <div
      className="column-category"
    />
    <div
      className="column-category"
    />
  </main>
  <footer
    className="footer"
  >
    <p
      style={
        Object {
          "color": "#f5fbef",
        }
      }
    >
      Some metadata
    </p>
  </footer>
</div>
`;
